// Jest Snapshot v1, https://goo.gl/fbAQLP

exports[`[Modal] render renders without crashing 1`] = `
<div
  className="sc-bdVaJa fJJiYq"
  data-testid="modal"
/>
`;
