// Jest Snapshot v1, https://goo.gl/fbAQLP

exports[`[TextArea] render renders without crashing 1`] = `
<textarea
  className="sc-bdVaJa kmoWTX"
  name="txtarea"
/>
`;
